Archive member included because of file (symbol)

c:/program files (x86)/atmel/atmel toolchain/avr8 gcc/native/3.4.1061/avr8-gnu-toolchain/bin/../lib/gcc/avr/4.8.1/avr5\libgcc.a(_mulsi3.o)
                              Core/WMath.o (__mulsi3)
c:/program files (x86)/atmel/atmel toolchain/avr8 gcc/native/3.4.1061/avr8-gnu-toolchain/bin/../lib/gcc/avr/4.8.1/avr5\libgcc.a(_udivmodsi4.o)
                              Core/HardwareSerial.o (__udivmodsi4)
c:/program files (x86)/atmel/atmel toolchain/avr8 gcc/native/3.4.1061/avr8-gnu-toolchain/bin/../lib/gcc/avr/4.8.1/avr5\libgcc.a(_divmodsi4.o)
                              Core/Tone.o (__divmodsi4)
c:/program files (x86)/atmel/atmel toolchain/avr8 gcc/native/3.4.1061/avr8-gnu-toolchain/bin/../lib/gcc/avr/4.8.1/avr5\libgcc.a(_negsi2.o)
                              c:/program files (x86)/atmel/atmel toolchain/avr8 gcc/native/3.4.1061/avr8-gnu-toolchain/bin/../lib/gcc/avr/4.8.1/avr5\libgcc.a(_divmodsi4.o) (__negsi2)
c:/program files (x86)/atmel/atmel toolchain/avr8 gcc/native/3.4.1061/avr8-gnu-toolchain/bin/../lib/gcc/avr/4.8.1/avr5\libgcc.a(_exit.o)
                              c:/program files (x86)/atmel/atmel toolchain/avr8 gcc/native/3.4.1061/avr8-gnu-toolchain/bin/../lib/gcc/avr/4.8.1/../../../../avr/lib/avr5/crtm328.o (exit)
c:/program files (x86)/atmel/atmel toolchain/avr8 gcc/native/3.4.1061/avr8-gnu-toolchain/bin/../lib/gcc/avr/4.8.1/avr5\libgcc.a(_copy_data.o)
                              Core/HardwareSerial.o (__do_copy_data)
c:/program files (x86)/atmel/atmel toolchain/avr8 gcc/native/3.4.1061/avr8-gnu-toolchain/bin/../lib/gcc/avr/4.8.1/avr5\libgcc.a(_clear_bss.o)
                              Core/HardwareSerial.o (__do_clear_bss)
c:/program files (x86)/atmel/atmel toolchain/avr8 gcc/native/3.4.1061/avr8-gnu-toolchain/bin/../lib/gcc/avr/4.8.1/avr5\libgcc.a(_ctors.o)
                              Core/HardwareSerial.o (__do_global_ctors)
c:/program files (x86)/atmel/atmel toolchain/avr8 gcc/native/3.4.1061/avr8-gnu-toolchain/bin/../lib/gcc/avr/4.8.1/avr5\libgcc.a(_muluhisi3.o)
                              Core/Stream.o (__muluhisi3)
c:/program files (x86)/atmel/atmel toolchain/avr8 gcc/native/3.4.1061/avr8-gnu-toolchain/bin/../lib/gcc/avr/4.8.1/avr5\libgcc.a(_tablejump.o)
                              c:/program files (x86)/atmel/atmel toolchain/avr8 gcc/native/3.4.1061/avr8-gnu-toolchain/bin/../lib/gcc/avr/4.8.1/avr5\libgcc.a(_ctors.o) (__tablejump__)
c:/program files (x86)/atmel/atmel toolchain/avr8 gcc/native/3.4.1061/avr8-gnu-toolchain/bin/../lib/gcc/avr/4.8.1/avr5\libgcc.a(_umulhisi3.o)
                              c:/program files (x86)/atmel/atmel toolchain/avr8 gcc/native/3.4.1061/avr8-gnu-toolchain/bin/../lib/gcc/avr/4.8.1/avr5\libgcc.a(_muluhisi3.o) (__umulhisi3)
c:/program files (x86)/atmel/atmel toolchain/avr8 gcc/native/3.4.1061/avr8-gnu-toolchain/bin/../lib/gcc/avr/4.8.1/../../../../avr/lib/avr5\libm.a(addsf3.o)
                              Core/Print.o (__subsf3)
c:/program files (x86)/atmel/atmel toolchain/avr8 gcc/native/3.4.1061/avr8-gnu-toolchain/bin/../lib/gcc/avr/4.8.1/../../../../avr/lib/avr5\libm.a(addsf3x.o)
                              c:/program files (x86)/atmel/atmel toolchain/avr8 gcc/native/3.4.1061/avr8-gnu-toolchain/bin/../lib/gcc/avr/4.8.1/../../../../avr/lib/avr5\libm.a(addsf3.o) (__addsf3x)
c:/program files (x86)/atmel/atmel toolchain/avr8 gcc/native/3.4.1061/avr8-gnu-toolchain/bin/../lib/gcc/avr/4.8.1/../../../../avr/lib/avr5\libm.a(cmpsf2.o)
                              Core/Print.o (__ltsf2)
c:/program files (x86)/atmel/atmel toolchain/avr8 gcc/native/3.4.1061/avr8-gnu-toolchain/bin/../lib/gcc/avr/4.8.1/../../../../avr/lib/avr5\libm.a(divsf3.o)
                              Core/Print.o (__divsf3)
c:/program files (x86)/atmel/atmel toolchain/avr8 gcc/native/3.4.1061/avr8-gnu-toolchain/bin/../lib/gcc/avr/4.8.1/../../../../avr/lib/avr5\libm.a(divsf3x.o)
                              c:/program files (x86)/atmel/atmel toolchain/avr8 gcc/native/3.4.1061/avr8-gnu-toolchain/bin/../lib/gcc/avr/4.8.1/../../../../avr/lib/avr5\libm.a(divsf3.o) (__divsf3x)
c:/program files (x86)/atmel/atmel toolchain/avr8 gcc/native/3.4.1061/avr8-gnu-toolchain/bin/../lib/gcc/avr/4.8.1/../../../../avr/lib/avr5\libm.a(fixsfsi.o)
                              Core/Print.o (__fixsfsi)
c:/program files (x86)/atmel/atmel toolchain/avr8 gcc/native/3.4.1061/avr8-gnu-toolchain/bin/../lib/gcc/avr/4.8.1/../../../../avr/lib/avr5\libm.a(fixunssfsi.o)
                              Core/Print.o (__fixunssfsi)
c:/program files (x86)/atmel/atmel toolchain/avr8 gcc/native/3.4.1061/avr8-gnu-toolchain/bin/../lib/gcc/avr/4.8.1/../../../../avr/lib/avr5\libm.a(floatsisf.o)
                              Core/Print.o (__floatunsisf)
c:/program files (x86)/atmel/atmel toolchain/avr8 gcc/native/3.4.1061/avr8-gnu-toolchain/bin/../lib/gcc/avr/4.8.1/../../../../avr/lib/avr5\libm.a(fp_cmp.o)
[...]
Memory Configuration

Name             Origin             Length             Attributes
text             0x00000000         0x00020000         xr
data             0x00800060         0x0000ffa0         rw !x
eeprom           0x00810000         0x00010000         rw !x
fuse             0x00820000         0x00000400         rw !x
lock             0x00830000         0x00000400         rw !x
signature        0x00840000         0x00000400         rw !x
user_signatures  0x00850000         0x00000400         rw !x
*default*        0x00000000         0xffffffff

Linker script and memory map

Address of section .data set to 0x800100
LOAD c:/program files (x86)/atmel/atmel toolchain/avr8 gcc/native/3.4.1061/avr8-gnu-toolchain/bin/../lib/gcc/avr/4.8.1/../../../../avr/lib/avr5/crtm328.o
LOAD ArduinoBlink.o
LOAD Core/CDC.o
LOAD Core/HardwareSerial.o
LOAD Core/HID.o
LOAD Core/hooks.o
LOAD Core/IPAddress.o
LOAD Core/malloc.o
LOAD Core/new.o
LOAD Core/Print.o
LOAD Core/Stream.o
LOAD Core/Tone.o
LOAD Core/USBCore.o
LOAD Core/WInterrupts.o
LOAD Core/wiring.o
LOAD Core/wiring_analog.o
LOAD Core/wiring_digital.o
LOAD Core/wiring_pulse.o
LOAD Core/wiring_shift.o
LOAD Core/WMath.o
LOAD Core/WString.o
START GROUP
END GROUP
LOAD c:/program files (x86)/atmel/atmel toolchain/avr8 gcc/native/3.4.1061/avr8-gnu-toolchain/bin/../lib/gcc/avr/4.8.1/avr5\libgcc.a
LOAD c:/program files (x86)/atmel/atmel toolchain/avr8 gcc/native/3.4.1061/avr8-gnu-toolchain/bin/../lib/gcc/avr/4.8.1/../../../../avr/lib/avr5\libm.a
START GROUP
LOAD c:/program files (x86)/atmel/atmel toolchain/avr8 gcc/native/3.4.1061/avr8-gnu-toolchain/bin/../lib/gcc/avr/4.8.1/avr5\libgcc.a
LOAD c:/program files (x86)/atmel/atmel toolchain/avr8 gcc/native/3.4.1061/avr8-gnu-toolchain/bin/../lib/gcc/avr/4.8.1/../../../../avr/lib/avr5\libm.a
LOAD c:/program files (x86)/atmel/atmel toolchain/avr8 gcc/native/3.4.1061/avr8-gnu-toolchain/bin/../lib/gcc/avr/4.8.1/../../../../avr/lib/avr5\libc.a
END GROUP

.hash
 *(.hash)

.dynsym
 *(.dynsym)

.dynstr
 *(.dynstr)

.gnu.version
 *(.gnu.version)

.gnu.version_d
 *(.gnu.version_d)

.gnu.version_r
 *(.gnu.version_r)

.rel.init
 *(.rel.init)

.rela.init
 *(.rela.init)

.rel.text
 *(.rel.text)
 *(.rel.text.*)
 *(.rel.gnu.linkonce.t*)

.rela.text
 *(.rela.text)
 *(.rela.text.*)
 *(.rela.gnu.linkonce.t*)

.rel.fini
 *(.rel.fini)

.rela.fini
 *(.rela.fini)

.rel.rodata
 *(.rel.rodata)
 *(.rel.rodata.*)
 *(.rel.gnu.linkonce.r*)

.rela.rodata
 *(.rela.rodata)
 *(.rela.rodata.*)
 *(.rela.gnu.linkonce.r*)

.rel.data
 *(.rel.data)
 *(.rel.data.*)
 *(.rel.gnu.linkonce.d*)

.rela.data
 *(.rela.data)
 *(.rela.data.*)
 *(.rela.gnu.linkonce.d*)

.rel.ctors
 *(.rel.ctors)

.rela.ctors
 *(.rela.ctors)

.rel.dtors
 *(.rel.dtors)

.rela.dtors
 *(.rela.dtors)

.rel.got
 *(.rel.got)

.rela.got
 *(.rela.got)

.rel.bss
 *(.rel.bss)

.rela.bss
 *(.rela.bss)

.rel.plt
 *(.rel.plt)

.rela.plt
 *(.rela.plt)

.text           0x00000000      0x9c8
 *(.vectors)
 .vectors       0x00000000       0x68 c:/program files (x86)/atmel/atmel toolchain/avr8 gcc/native/3.4.1061/avr8-gnu-toolchain/bin/../lib/gcc/avr/4.8.1/../../../../avr/lib/avr5/crtm328.o
                0x00000000                __vector_default
                0x00000000                __vectors
 *(.vectors)
 *(.progmem.gcc*)
                0x00000068                . = ALIGN (0x2)
                0x00000068                __trampolines_start = .
 *(.trampolines)
 .trampolines   0x00000068        0x0 linker stubs
 *(.trampolines*)
                0x00000068                __trampolines_end = .
 *(.progmem*)
 .progmem.data._ZL21tone_pin_to_timer_PGM
                0x00000068        0x1 Core/Tone.o
 .progmem.data.digital_pin_to_timer_PGM
                0x00000069       0x14 Core/wiring_digital.o
                0x00000069                digital_pin_to_timer_PGM
 .progmem.data.digital_pin_to_bit_mask_PGM
                0x0000007d       0x14 Core/wiring_digital.o
                0x0000007d                digital_pin_to_bit_mask_PGM
 .progmem.data.digital_pin_to_port_PGM
                0x00000091       0x14 Core/wiring_digital.o
                0x00000091                digital_pin_to_port_PGM
 .progmem.data.port_to_output_PGM
                0x000000a5        0xa Core/wiring_digital.o
                0x000000a5                port_to_output_PGM
 .progmem.data.port_to_mode_PGM
                0x000000af        0xa Core/wiring_digital.o
                0x000000af                port_to_mode_PGM
                0x000000ba                . = ALIGN (0x2)
 *fill*         0x000000b9        0x1 
 *(.jumptables)
 *(.jumptables*)
 *(.lowtext)
 *(.lowtext*)
                0x000000ba                __ctors_start = .
 *(.ctors)
 .ctors         0x000000ba        0x2 Core/HardwareSerial.o
 .ctors         0x000000bc        0x2 Core/IPAddress.o
                0x000000be                __ctors_end = .
                0x000000be                __dtors_start = .
 *(.dtors)
                0x000000be                __dtors_end = .
 SORT(*)(.ctors)
 SORT(*)(.dtors)
 *(.init0)
 .init0         0x000000be        0x0 c:/program files (x86)/atmel/atmel toolchain/avr8 gcc/native/3.4.1061/avr8-gnu-toolchain/bin/../lib/gcc/avr/4.8.1/../../../../avr/lib/avr5/crtm328.o
                0x000000be                __init
 *(.init0)
 *(.init1)
 *(.init1)
 *(.init2)
 .init2         0x000000be        0xc c:/program files (x86)/atmel/atmel toolchain/avr8 gcc/native/3.4.1061/avr8-gnu-toolchain/bin/../lib/gcc/avr/4.8.1/../../../../avr/lib/avr5/crtm328.o
 *(.init2)
 *(.init3)
 *(.init3)
 *(.init4)
 .init4         0x000000ca       0x16 c:/program files (x86)/atmel/atmel toolchain/avr8 gcc/native/3.4.1061/avr8-gnu-toolchain/bin/../lib/gcc/avr/4.8.1/avr5\libgcc.a(_copy_data.o)
                0x000000ca                __do_copy_data
 .init4         0x000000e0       0x10 c:/program files (x86)/atmel/atmel toolchain/avr8 gcc/native/3.4.1061/avr8-gnu-toolchain/bin/../lib/gcc/avr/4.8.1/avr5\libgcc.a(_clear_bss.o)
                0x000000e0                __do_clear_bss
 *(.init4)
 *(.init5)
 *(.init5)
 *(.init6)
 .init6         0x000000f0       0x16 c:/program files (x86)/atmel/atmel toolchain/avr8 gcc/native/3.4.1061/avr8-gnu-toolchain/bin/../lib/gcc/avr/4.8.1/avr5\libgcc.a(_ctors.o)
                0x000000f0                __do_global_ctors
 *(.init6)
 *(.init7)
 *(.init7)
 *(.init8)
 *(.init8)
 *(.init9)
 .init9         0x00000106        0x8 c:/program files (x86)/atmel/atmel toolchain/avr8 gcc/native/3.4.1061/avr8-gnu-toolchain/bin/../lib/gcc/avr/4.8.1/../../../../avr/lib/avr5/crtm328.o
 *(.init9)
 *(.text)
 .text          0x0000010e        0x4 c:/program files (x86)/atmel/atmel toolchain/avr8 gcc/native/3.4.1061/avr8-gnu-toolchain/bin/../lib/gcc/avr/4.8.1/../../../../avr/lib/avr5/crtm328.o
                0x0000010e                __vector_22
                0x0000010e                __vector_24
                0x0000010e                __vector_12
                0x0000010e                __bad_interrupt
                0x0000010e                __vector_6
                0x0000010e                __vector_3
                0x0000010e                __vector_23
                0x0000010e                __vector_25
                0x0000010e                __vector_11
                0x0000010e                __vector_13
                0x0000010e                __vector_17
                0x0000010e                __vector_5
                0x0000010e                __vector_4
                0x0000010e                __vector_9
                0x0000010e                __vector_21
                0x0000010e                __vector_15
                0x0000010e                __vector_8
                0x0000010e                __vector_14
                0x0000010e                __vector_10
                0x0000010e                __vector_20
                0x00000112                . = ALIGN (0x2)
 *(.text.*)
 .text.startup.main
                0x00000112       0x1a ArduinoBlink.o
                0x00000112                main
 .text._ZN14HardwareSerial9availableEv
                0x0000012c       0x20 Core/HardwareSerial.o
                0x0000012c                _ZN14HardwareSerial9availableEv
 .text._ZN14HardwareSerial4peekEv
                0x0000014c       0x32 Core/HardwareSerial.o
                0x0000014c                _ZN14HardwareSerial4peekEv
 .text._ZN14HardwareSerial4readEv
                0x0000017e       0x40 Core/HardwareSerial.o
                0x0000017e                _ZN14HardwareSerial4readEv
 .text._ZN14HardwareSerial5flushEv
                0x000001be       0x16 Core/HardwareSerial.o
                0x000001be                _ZN14HardwareSerial5flushEv
 .text._ZN14HardwareSerial5writeEh
                0x000001d4       0x7a Core/HardwareSerial.o
                0x000001d4                _ZN14HardwareSerial5writeEh
 .text.__vector_18
                0x0000024e       0x74 Core/HardwareSerial.o
                0x0000024e                __vector_18
 .text.__vector_19
                0x000002c2       0x76 Core/HardwareSerial.o
                0x000002c2                __vector_19
 .text.startup._GLOBAL__sub_I_rx_buffer
                0x00000338       0xac Core/HardwareSerial.o
 .text._ZNK9IPAddress7printToER5Print
                0x000003e4       0x74 Core/IPAddress.o
                0x000003e4                _ZNK9IPAddress7printToER5Print
 .text.startup._GLOBAL__sub_I__ZN9IPAddressC2Ev
                0x00000458       0x1e Core/IPAddress.o
 .text._ZN5Print5writeEPKhj
                0x00000476       0x50 Core/Print.o
                0x00000476                _ZN5Print5writeEPKhj
 .text._ZN5Print5writeEPKc
                0x000004c6       0x2c Core/Print.o
                0x000004c6                _ZN5Print5writeEPKc
 .text._ZN5Print5printEc
                0x000004f2        0xe Core/Print.o
                0x000004f2                _ZN5Print5printEc
 .text._ZN5Print11printNumberEmh
                0x00000500       0xb2 Core/Print.o
                0x00000500                _ZN5Print11printNumberEmh
 .text._ZN5Print5printEmi
                0x000005b2       0x1a Core/Print.o
                0x000005b2                _ZN5Print5printEmi
 .text._ZN5Print5printEhi
                0x000005cc        0xe Core/Print.o
                0x000005cc                _ZN5Print5printEhi
 .text._Z12disableTimerh
                0x000005da       0x40 Core/Tone.o
                0x000005da                _Z12disableTimerh
 .text._Z6noToneh
                0x0000061a       0x2a Core/Tone.o
                0x0000061a                _Z6noToneh
 .text.__vector_7
                0x00000644       0xb8 Core/Tone.o
                0x00000644                __vector_7
 .text.__vector_1
                0x000006fc       0x5a Core/WInterrupts.o
                0x000006fc                __vector_1
 .text.__vector_2
                0x00000756       0x5a Core/WInterrupts.o
                0x00000756                __vector_2
 .text.__vector_16
                0x000007b0       0x94 Core/wiring.o
                0x000007b0                __vector_16
 .text.turnOffPWM
                0x00000844       0x52 Core/wiring_digital.o
 .text.pinMode  0x00000896       0x72 Core/wiring_digital.o
                0x00000896                pinMode
 .text.digitalWrite
                0x00000908       0x6c Core/wiring_digital.o
                0x00000908                digitalWrite
 .text.libgcc.div
                0x00000974       0x44 c:/program files (x86)/atmel/atmel toolchain/avr8 gcc/native/3.4.1061/avr8-gnu-toolchain/bin/../lib/gcc/avr/4.8.1/avr5\libgcc.a(_udivmodsi4.o)
                0x00000974                __udivmodsi4
 .text.libgcc   0x000009b8        0xc c:/program files (x86)/atmel/atmel toolchain/avr8 gcc/native/3.4.1061/avr8-gnu-toolchain/bin/../lib/gcc/avr/4.8.1/avr5\libgcc.a(_tablejump.o)
                0x000009b8                __tablejump2__
                0x000009bc                __tablejump__
                0x000009c4                . = ALIGN (0x2)
 *(.fini9)
 .fini9         0x000009c4        0x0 c:/program files (x86)/atmel/atmel toolchain/avr8 gcc/native/3.4.1061/avr8-gnu-toolchain/bin/../lib/gcc/avr/4.8.1/avr5\libgcc.a(_exit.o)
                0x000009c4                _exit
                0x000009c4                exit
 *(.fini9)
 *(.fini8)
 *(.fini8)
 *(.fini7)
 *(.fini7)
 *(.fini6)
 *(.fini6)
 *(.fini5)
 *(.fini5)
 *(.fini4)
 *(.fini4)
 *(.fini3)
 *(.fini3)
 *(.fini2)
 *(.fini2)
 *(.fini1)
 *(.fini1)
 *(.fini0)
 .fini0         0x000009c4        0x4 c:/program files (x86)/atmel/atmel toolchain/avr8 gcc/native/3.4.1061/avr8-gnu-toolchain/bin/../lib/gcc/avr/4.8.1/avr5\libgcc.a(_exit.o)
 *(.fini0)
                0x000009c8                _etext = .

.data           0x00800100       0x18 load address 0x000009c8
                0x00800100                PROVIDE (__data_start, .)
 *(.data)
 *(.data*)
 .data._ZL9tone_pins
                0x00800100        0x1 Core/Tone.o
 *(.rodata)
 *(.rodata*)
 .rodata._ZTV14HardwareSerial
                0x00800101       0x10 Core/HardwareSerial.o
                0x00800101                _ZTV14HardwareSerial
 .rodata._ZTV9IPAddress
                0x00800111        0x6 Core/IPAddress.o
                0x00800111                _ZTV9IPAddress
 *(.gnu.linkonce.d*)
                0x00800118                . = ALIGN (0x2)
 *fill*         0x00800117        0x1 
                0x00800118                _edata = .
                0x00800118                PROVIDE (__data_end, .)

.bss            0x00800118       0xc4
                0x00800118                PROVIDE (__bss_start, .)
 *(.bss)
 *(.bss*)
 .bss.Serial    0x00800118       0x22 Core/HardwareSerial.o
                0x00800118                Serial
 .bss.tx_buffer
                0x0080013a       0x44 Core/HardwareSerial.o
                0x0080013a                tx_buffer
 .bss.rx_buffer
                0x0080017e       0x44 Core/HardwareSerial.o
                0x0080017e                rx_buffer
 .bss._ZL11INADDR_NONE
                0x008001c2        0x6 Core/IPAddress.o
 .bss.timer2_pin_mask
                0x008001c8        0x1 Core/Tone.o
                0x008001c8                timer2_pin_mask
 .bss.timer2_pin_port
                0x008001c9        0x2 Core/Tone.o
                0x008001c9                timer2_pin_port
 .bss.timer2_toggle_count
                0x008001cb        0x4 Core/Tone.o
                0x008001cb                timer2_toggle_count
 .bss.intFunc   0x008001cf        0x4 Core/WInterrupts.o
 .bss.timer0_fract
                0x008001d3        0x1 Core/wiring.o
 .bss.timer0_millis
                0x008001d4        0x4 Core/wiring.o
                0x008001d4                timer0_millis
 .bss.timer0_overflow_count
                0x008001d8        0x4 Core/wiring.o
                0x008001d8                timer0_overflow_count
 *(COMMON)
                0x008001dc                PROVIDE (__bss_end, .)
                0x000009c8                __data_load_start = LOADADDR (.data)
                0x000009e0                __data_load_end = (__data_load_start + SIZEOF (.data))

.noinit         0x008001dc        0x0
                0x008001dc                PROVIDE (__noinit_start, .)
 *(.noinit*)
                0x008001dc                PROVIDE (__noinit_end, .)
                0x008001dc                _end = .
                0x008001dc                PROVIDE (__heap_start, .)

.eeprom         0x00810000        0x0
 *(.eeprom*)
                0x00810000                __eeprom_end = .

.fuse
 *(.fuse)
 *(.lfuse)
 *(.hfuse)
 *(.efuse)

.lock
 *(.lock*)

.signature
 *(.signature*)

.user_signatures
 *(.user_signatures*)

.stab
 *(.stab)

.stabstr
 *(.stabstr)

.stab.excl
 *(.stab.excl)

.stab.exclstr
 *(.stab.exclstr)

.stab.index
 *(.stab.index)

.stab.indexstr
 *(.stab.indexstr)

.comment        0x00000000       0x30
 *(.comment)
 .comment       0x00000000       0x30 ArduinoBlink.o
                                 0x31 (size before relaxing)
 .comment       0x00000000       0x31 Core/HardwareSerial.o
 .comment       0x00000000       0x31 Core/IPAddress.o
 .comment       0x00000000       0x31 Core/Print.o
 .comment       0x00000000       0x31 Core/Tone.o
 .comment       0x00000000       0x31 Core/WInterrupts.o
 .comment       0x00000000       0x31 Core/wiring.o
 .comment       0x00000000       0x31 Core/wiring_digital.o

.note.gnu.build-id
 *(.note.gnu.build-id)

.debug
 *(.debug)

.line
 *(.line)

.debug_srcinfo
 *(.debug_srcinfo)

.debug_sfnames
 *(.debug_sfnames)

.debug_aranges  0x00000000      0x2f0
 *(.debug_aranges)
 .debug_aranges
                0x00000000       0x20 ArduinoBlink.o
 .debug_aranges
                0x00000020       0x90 Core/HardwareSerial.o
 .debug_aranges
                0x000000b0       0x60 Core/IPAddress.o
 .debug_aranges
                0x00000110       0xf0 Core/Print.o
 .debug_aranges
                0x00000200       0x38 Core/Tone.o
 .debug_aranges
                0x00000238       0x38 Core/WInterrupts.o
 .debug_aranges
                0x00000270       0x48 Core/wiring.o
 .debug_aranges
                0x000002b8       0x38 Core/wiring_digital.o

.debug_pubnames
 *(.debug_pubnames)

.debug_info     0x00000000     0x5beb
 *(.debug_info .gnu.linkonce.wi.*)
 .debug_info    0x00000000      0x1d6 ArduinoBlink.o
 .debug_info    0x000001d6     0x1a8b Core/HardwareSerial.o
 .debug_info    0x00001c61      0x950 Core/IPAddress.o
 .debug_info    0x000025b1     0x2441 Core/Print.o
 .debug_info    0x000049f2      0x73b Core/Tone.o
 .debug_info    0x0000512d      0x201 Core/WInterrupts.o
 .debug_info    0x0000532e      0x2c7 Core/wiring.o
 .debug_info    0x000055f5      0x5f6 Core/wiring_digital.o

.debug_abbrev   0x00000000     0x135b
 *(.debug_abbrev)
 .debug_abbrev  0x00000000       0xce ArduinoBlink.o
 .debug_abbrev  0x000000ce      0x513 Core/HardwareSerial.o
 .debug_abbrev  0x000005e1      0x348 Core/IPAddress.o
 .debug_abbrev  0x00000929      0x43a Core/Print.o
 .debug_abbrev  0x00000d63      0x26f Core/Tone.o
 .debug_abbrev  0x00000fd2       0xe4 Core/WInterrupts.o
 .debug_abbrev  0x000010b6      0x143 Core/wiring.o
 .debug_abbrev  0x000011f9      0x162 Core/wiring_digital.o

.debug_line     0x00000000     0x13c2
 *(.debug_line .debug_line.* .debug_line_end)
 .debug_line    0x00000000      0x159 ArduinoBlink.o
 .debug_line    0x00000159      0x3ab Core/HardwareSerial.o
 .debug_line    0x00000504      0x2b7 Core/IPAddress.o
 .debug_line    0x000007bb      0x49f Core/Print.o
 .debug_line    0x00000c5a      0x21d Core/Tone.o
 .debug_line    0x00000e77      0x1a3 Core/WInterrupts.o
 .debug_line    0x0000101a      0x1f2 Core/wiring.o
 .debug_line    0x0000120c      0x1b6 Core/wiring_digital.o

.debug_frame    0x00000000      0xa10
 *(.debug_frame)
 .debug_frame   0x00000000       0x24 ArduinoBlink.o
 .debug_frame   0x00000024      0x1f8 Core/HardwareSerial.o
 .debug_frame   0x0000021c       0xe0 Core/IPAddress.o
 .debug_frame   0x000002fc      0x3ec Core/Print.o
 .debug_frame   0x000006e8      0x100 Core/Tone.o
 .debug_frame   0x000007e8       0xe4 Core/WInterrupts.o
 .debug_frame   0x000008cc       0xbc Core/wiring.o
 .debug_frame   0x00000988       0x88 Core/wiring_digital.o

.debug_str      0x00000000     0x1999
 *(.debug_str)
 .debug_str     0x00000000      0x18d ArduinoBlink.o
                                0x1cb (size before relaxing)
 .debug_str     0x0000018d      0xd72 Core/HardwareSerial.o
                                0xf9a (size before relaxing)
 .debug_str     0x00000eff      0x27c Core/IPAddress.o
                                0x4e7 (size before relaxing)
 .debug_str     0x0000117b      0x3a7 Core/Print.o
                                0xd13 (size before relaxing)
 .debug_str     0x00001522      0x1d0 Core/Tone.o
                                0x3c1 (size before relaxing)
 .debug_str     0x000016f2      0x148 Core/WInterrupts.o
                                0x1db (size before relaxing)
 .debug_str     0x0000183a       0xba Core/wiring.o
                                0x1ed (size before relaxing)
 .debug_str     0x000018f4       0xa5 Core/wiring_digital.o
                                0x25b (size before relaxing)

.debug_loc      0x00000000     0x3ccb
 *(.debug_loc)
 .debug_loc     0x00000000      0x744 Core/HardwareSerial.o
 .debug_loc     0x00000744      0x25d Core/IPAddress.o
 .debug_loc     0x000009a1     0x1fa6 Core/Print.o
 .debug_loc     0x00002947      0x94c Core/Tone.o
 .debug_loc     0x00003293      0x1f6 Core/WInterrupts.o
 .debug_loc     0x00003489      0x22b Core/wiring.o
 .debug_loc     0x000036b4      0x617 Core/wiring_digital.o

.debug_macinfo
 *(.debug_macinfo)

.debug_weaknames
 *(.debug_weaknames)

.debug_funcnames
 *(.debug_funcnames)

.debug_typenames
 *(.debug_typenames)

.debug_varnames
 *(.debug_varnames)

.debug_pubtypes
 *(.debug_pubtypes)

.debug_ranges   0x00000000      0x360
 *(.debug_ranges)
 .debug_ranges  0x00000000       0x10 ArduinoBlink.o
 .debug_ranges  0x00000010       0x80 Core/HardwareSerial.o
 .debug_ranges  0x00000090       0x68 Core/IPAddress.o
 .debug_ranges  0x000000f8      0x158 Core/Print.o
 .debug_ranges  0x00000250       0x70 Core/Tone.o
 .debug_ranges  0x000002c0       0x28 Core/WInterrupts.o
 .debug_ranges  0x000002e8       0x38 Core/wiring.o
 .debug_ranges  0x00000320       0x40 Core/wiring_digital.o

.debug_macro
 *(.debug_macro)
OUTPUT(ArduinoBlink.elf elf32-avr)
LOAD linker stubs
